{
  "version": "1.5.0",
  "plugins_used": [
    {
      "name": "ArtifactoryDetector"
    },
    {
      "name": "AWSKeyDetector"
    },
    {
      "name": "AzureStorageKeyDetector"
    },
    {
      "name": "Base64HighEntropyString",
      "limit": 4.5
    },
    {
      "name": "BasicAuthDetector"
    },
    {
      "name": "CloudantDetector"
    },
    {
      "name": "DiscordBotTokenDetector"
    },
    {
      "name": "GitHubTokenDetector"
    },
    {
      "name": "GitLabTokenDetector"
    },
    {
      "name": "HexHighEntropyString",
      "limit": 3.0
    },
    {
      "name": "IbmCloudIamDetector"
    },
    {
      "name": "IbmCosHmacDetector"
    },
    {
      "name": "IPPublicDetector"
    },
    {
      "name": "JwtTokenDetector"
    },
    {
      "name": "KeywordDetector",
      "keyword_exclude": ""
    },
    {
      "name": "MailchimpDetector"
    },
    {
      "name": "NpmDetector"
    },
    {
      "name": "OpenAIDetector"
    },
    {
      "name": "PrivateKeyDetector"
    },
    {
      "name": "PypiTokenDetector"
    },
    {
      "name": "SendGridDetector"
    },
    {
      "name": "SlackDetector"
    },
    {
      "name": "SoftlayerDetector"
    },
    {
      "name": "SquareOAuthDetector"
    },
    {
      "name": "StripeDetector"
    },
    {
      "name": "TelegramBotTokenDetector"
    },
    {
      "name": "TwilioKeyDetector"
    }
  ],
  "filters_used": [
    {
      "path": "detect_secrets.filters.allowlist.is_line_allowlisted"
    },
    {
      "path": "detect_secrets.filters.common.is_baseline_file",
      "filename": ".secrets.baseline"
    },
    {
      "path": "detect_secrets.filters.common.is_ignored_due_to_verification_policies",
      "min_level": 2
    },
    {
      "path": "detect_secrets.filters.heuristic.is_indirect_reference"
    },
    {
      "path": "detect_secrets.filters.heuristic.is_likely_id_string"
    },
    {
      "path": "detect_secrets.filters.heuristic.is_lock_file"
    },
    {
      "path": "detect_secrets.filters.heuristic.is_not_alphanumeric_string"
    },
    {
      "path": "detect_secrets.filters.heuristic.is_potential_uuid"
    },
    {
      "path": "detect_secrets.filters.heuristic.is_prefixed_with_dollar_sign"
    },
    {
      "path": "detect_secrets.filters.heuristic.is_sequential_string"
    },
    {
      "path": "detect_secrets.filters.heuristic.is_swagger_file"
    },
    {
      "path": "detect_secrets.filters.heuristic.is_templated_secret"
    }
  ],
  "results": {
    ".claude\\skills\\agent-browser\\references\\commands.md": [
      {
        "type": "Base64 High Entropy String",
        "filename": ".claude\\skills\\agent-browser\\references\\commands.md",
        "hashed_secret": "bb725b9b9057cbc1c475de0de8050ce48d406b11",
        "is_verified": false,
        "line_number": 200
      }
    ],
    ".claude\\skills\\agent-browser\\references\\proxy-support.md": [
      {
        "type": "Basic Auth Credentials",
        "filename": ".claude\\skills\\agent-browser\\references\\proxy-support.md",
        "hashed_secret": "5baa61e4c9b93f3f0682250b6cf8331b7ee68fd8",
        "is_verified": false,
        "line_number": 43
      },
      {
        "type": "Basic Auth Credentials",
        "filename": ".claude\\skills\\agent-browser\\references\\proxy-support.md",
        "hashed_secret": "9d4e1e23bd5b727046a9e3b4b7db57bd8d6ee684",
        "is_verified": false,
        "line_number": 55
      }
    ],
    ".claude\\skills\\code-review-security\\SKILL.md": [
      {
        "type": "Secret Keyword",
        "filename": ".claude\\skills\\code-review-security\\SKILL.md",
        "hashed_secret": "9fc4a8301a8bafa06416388eff9f672e099c3657",
        "is_verified": false,
        "line_number": 106
      }
    ],
    ".claude\\skills\\devops\\references\\docker-compose.md": [
      {
        "type": "Basic Auth Credentials",
        "filename": ".claude\\skills\\devops\\references\\docker-compose.md",
        "hashed_secret": "9d4e1e23bd5b727046a9e3b4b7db57bd8d6ee684",
        "is_verified": false,
        "line_number": 17
      }
    ],
    ".claude\\skills\\security-audit\\references\\secrets-management.md": [
      {
        "type": "AWS Access Key",
        "filename": ".claude\\skills\\security-audit\\references\\secrets-management.md",
        "hashed_secret": "25910f981e85ca04baf359199dd0bd4a3ae738b6",
        "is_verified": false,
        "line_number": 11
      },
      {
        "type": "Basic Auth Credentials",
        "filename": ".claude\\skills\\security-audit\\references\\secrets-management.md",
        "hashed_secret": "5baa61e4c9b93f3f0682250b6cf8331b7ee68fd8",
        "is_verified": false,
        "line_number": 70
      }
    ],
    "PROMPT.md": [
      {
        "type": "Basic Auth Credentials",
        "filename": "PROMPT.md",
        "hashed_secret": "9d4e1e23bd5b727046a9e3b4b7db57bd8d6ee684",
        "is_verified": false,
        "line_number": 105
      }
    ],
    "docs\\cto\\ollama-architecture.md": [
      {
        "type": "Secret Keyword",
        "filename": "docs\\cto\\ollama-architecture.md",
        "hashed_secret": "8ed4322e8e2790b8c928d381ce8d07cfd966e909",
        "is_verified": false,
        "line_number": 266
      }
    ],
    "huluchat-v3\\backend\\services\\openai_service.py": [
      {
        "type": "Secret Keyword",
        "filename": "huluchat-v3\\backend\\services\\openai_service.py",
        "hashed_secret": "8ed4322e8e2790b8c928d381ce8d07cfd966e909",
        "is_verified": false,
        "line_number": 302
      }
    ],
    "huluchat-v3\\backend\\tests\\conftest.py": [
      {
        "type": "Secret Keyword",
        "filename": "huluchat-v3\\backend\\tests\\conftest.py",
        "hashed_secret": "1e7772b7ee7a12f8dbb12351cabcb9dcd43221e8",
        "is_verified": false,
        "line_number": 83
      }
    ],
    "huluchat-v3\\backend\\tests\\test_deepseek_config.py": [
      {
        "type": "Secret Keyword",
        "filename": "huluchat-v3\\backend\\tests\\test_deepseek_config.py",
        "hashed_secret": "46bedae41ff921b8e6d2af441e7fe329e7b9c800",
        "is_verified": false,
        "line_number": 103
      },
      {
        "type": "Secret Keyword",
        "filename": "huluchat-v3\\backend\\tests\\test_deepseek_config.py",
        "hashed_secret": "65547299f940eca3dc839f3eac85e8a78a6deb05",
        "is_verified": false,
        "line_number": 116
      }
    ],
    "huluchat-v3\\src-tauri\\tauri.conf.json": [
      {
        "type": "Base64 High Entropy String",
        "filename": "huluchat-v3\\src-tauri\\tauri.conf.json",
        "hashed_secret": "210277c742d06caa86b66f5b1306bb2d424c46ee",
        "is_verified": true,
        "line_number": 49
      }
    ],
    "huluchat-v3\\src\\api\\client.test.ts": [
      {
        "type": "Secret Keyword",
        "filename": "huluchat-v3\\src\\api\\client.test.ts",
        "hashed_secret": "e9a5f12a8ecbb3eb46eca5096b5c52aa5e7c9fdd",
        "is_verified": false,
        "line_number": 255
      }
    ],
    "huluchat-v3\\src\\components\\settings\\SettingsDialog.test.tsx": [
      {
        "type": "Secret Keyword",
        "filename": "huluchat-v3\\src\\components\\settings\\SettingsDialog.test.tsx",
        "hashed_secret": "69dba6dfc0be932d10cdbfaae770c300cd7e0e3c",
        "is_verified": false,
        "line_number": 237
      }
    ],
    "huluchat-v3\\src\\i18n\\locales\\af.json": [
      {
        "type": "Secret Keyword",
        "filename": "huluchat-v3\\src\\i18n\\locales\\af.json",
        "hashed_secret": "d1924c8494f671a36b27f82a34b630edcc27e811",
        "is_verified": false,
        "line_number": 64
      },
      {
        "type": "Secret Keyword",
        "filename": "huluchat-v3\\src\\i18n\\locales\\af.json",
        "hashed_secret": "ec3810e10fb78db55ce38b9c18d1c3eb1db739e0",
        "is_verified": false,
        "line_number": 65
      }
    ],
    "huluchat-v3\\src\\i18n\\locales\\am.json": [
      {
        "type": "Secret Keyword",
        "filename": "huluchat-v3\\src\\i18n\\locales\\am.json",
        "hashed_secret": "27b5da3e3b2424cae31de4029d01cd9c932f6d8f",
        "is_verified": false,
        "line_number": 64
      },
      {
        "type": "Secret Keyword",
        "filename": "huluchat-v3\\src\\i18n\\locales\\am.json",
        "hashed_secret": "ec3810e10fb78db55ce38b9c18d1c3eb1db739e0",
        "is_verified": false,
        "line_number": 65
      },
      {
        "type": "Secret Keyword",
        "filename": "huluchat-v3\\src\\i18n\\locales\\am.json",
        "hashed_secret": "702acc64281c8b1972f71b12daf28ca62f87504c",
        "is_verified": false,
        "line_number": 66
      }
    ],
    "huluchat-v3\\src\\i18n\\locales\\ar.json": [
      {
        "type": "Secret Keyword",
        "filename": "huluchat-v3\\src\\i18n\\locales\\ar.json",
        "hashed_secret": "28dd6cac4f98000274a93ff818a0c3a214fcf913",
        "is_verified": false,
        "line_number": 64
      },
      {
        "type": "Secret Keyword",
        "filename": "huluchat-v3\\src\\i18n\\locales\\ar.json",
        "hashed_secret": "ec3810e10fb78db55ce38b9c18d1c3eb1db739e0",
        "is_verified": false,
        "line_number": 65
      },
      {
        "type": "Secret Keyword",
        "filename": "huluchat-v3\\src\\i18n\\locales\\ar.json",
        "hashed_secret": "02b63a9ca232b23555ce7a769352862de23f9e51",
        "is_verified": false,
        "line_number": 66
      }
    ],
    "huluchat-v3\\src\\i18n\\locales\\bm.json": [
      {
        "type": "Secret Keyword",
        "filename": "huluchat-v3\\src\\i18n\\locales\\bm.json",
        "hashed_secret": "47acd2028cf81b5da88ddeedb2aea4eca4b71fbd",
        "is_verified": false,
        "line_number": 64
      },
      {
        "type": "Secret Keyword",
        "filename": "huluchat-v3\\src\\i18n\\locales\\bm.json",
        "hashed_secret": "ec3810e10fb78db55ce38b9c18d1c3eb1db739e0",
        "is_verified": false,
        "line_number": 65
      },
      {
        "type": "Secret Keyword",
        "filename": "huluchat-v3\\src\\i18n\\locales\\bm.json",
        "hashed_secret": "b4aad243feb5e1ad6163accf5278285acfa09863",
        "is_verified": false,
        "line_number": 66
      }
    ],
    "huluchat-v3\\src\\i18n\\locales\\bn.json": [
      {
        "type": "Secret Keyword",
        "filename": "huluchat-v3\\src\\i18n\\locales\\bn.json",
        "hashed_secret": "f246938d4aea915082e5df81678c536770cef198",
        "is_verified": false,
        "line_number": 64
      },
      {
        "type": "Secret Keyword",
        "filename": "huluchat-v3\\src\\i18n\\locales\\bn.json",
        "hashed_secret": "ec3810e10fb78db55ce38b9c18d1c3eb1db739e0",
        "is_verified": false,
        "line_number": 65
      },
      {
        "type": "Secret Keyword",
        "filename": "huluchat-v3\\src\\i18n\\locales\\bn.json",
        "hashed_secret": "9bd17e0b5a3f0204a073020092d706ea87c0979c",
        "is_verified": false,
        "line_number": 66
      }
    ],
    "huluchat-v3\\src\\i18n\\locales\\cs.json": [
      {
        "type": "Secret Keyword",
        "filename": "huluchat-v3\\src\\i18n\\locales\\cs.json",
        "hashed_secret": "3c2aadde817eadb22547f32e64a28cfe23bfd222",
        "is_verified": false,
        "line_number": 64
      },
      {
        "type": "Secret Keyword",
        "filename": "huluchat-v3\\src\\i18n\\locales\\cs.json",
        "hashed_secret": "ec3810e10fb78db55ce38b9c18d1c3eb1db739e0",
        "is_verified": false,
        "line_number": 65
      },
      {
        "type": "Secret Keyword",
        "filename": "huluchat-v3\\src\\i18n\\locales\\cs.json",
        "hashed_secret": "4fd2c89ff17ded0145c0d4a40a3674f1bdec6609",
        "is_verified": false,
        "line_number": 66
      }
    ],
    "huluchat-v3\\src\\i18n\\locales\\da.json": [
      {
        "type": "Secret Keyword",
        "filename": "huluchat-v3\\src\\i18n\\locales\\da.json",
        "hashed_secret": "735c8f4419532acb3e55e60a7fe7a02993900749",
        "is_verified": false,
        "line_number": 64
      },
      {
        "type": "Secret Keyword",
        "filename": "huluchat-v3\\src\\i18n\\locales\\da.json",
        "hashed_secret": "ec3810e10fb78db55ce38b9c18d1c3eb1db739e0",
        "is_verified": false,
        "line_number": 65
      },
      {
        "type": "Secret Keyword",
        "filename": "huluchat-v3\\src\\i18n\\locales\\da.json",
        "hashed_secret": "d5a555492cd4203f1cc09a449b99274b389b8beb",
        "is_verified": false,
        "line_number": 66
      }
    ],
    "huluchat-v3\\src\\i18n\\locales\\de.json": [
      {
        "type": "Secret Keyword",
        "filename": "huluchat-v3\\src\\i18n\\locales\\de.json",
        "hashed_secret": "a24f75c63a48219c05df0f39831e66aa1faa6189",
        "is_verified": false,
        "line_number": 64
      },
      {
        "type": "Secret Keyword",
        "filename": "huluchat-v3\\src\\i18n\\locales\\de.json",
        "hashed_secret": "ec3810e10fb78db55ce38b9c18d1c3eb1db739e0",
        "is_verified": false,
        "line_number": 65
      },
      {
        "type": "Secret Keyword",
        "filename": "huluchat-v3\\src\\i18n\\locales\\de.json",
        "hashed_secret": "b87195236fcfd0a936ba5545a3d4023b5da4d445",
        "is_verified": false,
        "line_number": 66
      }
    ],
    "huluchat-v3\\src\\i18n\\locales\\din.json": [
      {
        "type": "Secret Keyword",
        "filename": "huluchat-v3\\src\\i18n\\locales\\din.json",
        "hashed_secret": "47acd2028cf81b5da88ddeedb2aea4eca4b71fbd",
        "is_verified": false,
        "line_number": 64
      },
      {
        "type": "Secret Keyword",
        "filename": "huluchat-v3\\src\\i18n\\locales\\din.json",
        "hashed_secret": "ec3810e10fb78db55ce38b9c18d1c3eb1db739e0",
        "is_verified": false,
        "line_number": 65
      },
      {
        "type": "Secret Keyword",
        "filename": "huluchat-v3\\src\\i18n\\locales\\din.json",
        "hashed_secret": "1b20e6a28c04858a53f2fb872b0670b3730ad5b5",
        "is_verified": false,
        "line_number": 66
      }
    ],
    "huluchat-v3\\src\\i18n\\locales\\el.json": [
      {
        "type": "Secret Keyword",
        "filename": "huluchat-v3\\src\\i18n\\locales\\el.json",
        "hashed_secret": "2973e0e93e6159571e1d65d5ac18262811269865",
        "is_verified": false,
        "line_number": 64
      },
      {
        "type": "Secret Keyword",
        "filename": "huluchat-v3\\src\\i18n\\locales\\el.json",
        "hashed_secret": "ec3810e10fb78db55ce38b9c18d1c3eb1db739e0",
        "is_verified": false,
        "line_number": 65
      },
      {
        "type": "Secret Keyword",
        "filename": "huluchat-v3\\src\\i18n\\locales\\el.json",
        "hashed_secret": "f4eb9fea0e3a37e583a232f1caca582b41adca5a",
        "is_verified": false,
        "line_number": 66
      }
    ],
    "huluchat-v3\\src\\i18n\\locales\\en.json": [
      {
        "type": "Secret Keyword",
        "filename": "huluchat-v3\\src\\i18n\\locales\\en.json",
        "hashed_secret": "47acd2028cf81b5da88ddeedb2aea4eca4b71fbd",
        "is_verified": true,
        "line_number": 243
      },
      {
        "type": "Secret Keyword",
        "filename": "huluchat-v3\\src\\i18n\\locales\\en.json",
        "hashed_secret": "ec3810e10fb78db55ce38b9c18d1c3eb1db739e0",
        "is_verified": true,
        "line_number": 244
      },
      {
        "type": "Secret Keyword",
        "filename": "huluchat-v3\\src\\i18n\\locales\\en.json",
        "hashed_secret": "5721f72462028485a5834244996b7a4cd1b970d8",
        "is_verified": true,
        "line_number": 245
      }
    ],
    "huluchat-v3\\src\\i18n\\locales\\es.json": [
      {
        "type": "Secret Keyword",
        "filename": "huluchat-v3\\src\\i18n\\locales\\es.json",
        "hashed_secret": "738062e044fe3fd0ce2e12986c261239ad590b5d",
        "is_verified": false,
        "line_number": 64
      },
      {
        "type": "Secret Keyword",
        "filename": "huluchat-v3\\src\\i18n\\locales\\es.json",
        "hashed_secret": "ec3810e10fb78db55ce38b9c18d1c3eb1db739e0",
        "is_verified": false,
        "line_number": 65
      },
      {
        "type": "Secret Keyword",
        "filename": "huluchat-v3\\src\\i18n\\locales\\es.json",
        "hashed_secret": "4a01bcb5bd16ddedce84966eb91af7409ac8a002",
        "is_verified": false,
        "line_number": 66
      }
    ],
    "huluchat-v3\\src\\i18n\\locales\\fa.json": [
      {
        "type": "Secret Keyword",
        "filename": "huluchat-v3\\src\\i18n\\locales\\fa.json",
        "hashed_secret": "84846e674d01015b5e43de96ba9d374acdd1bc37",
        "is_verified": false,
        "line_number": 64
      },
      {
        "type": "Secret Keyword",
        "filename": "huluchat-v3\\src\\i18n\\locales\\fa.json",
        "hashed_secret": "ec3810e10fb78db55ce38b9c18d1c3eb1db739e0",
        "is_verified": false,
        "line_number": 65
      },
      {
        "type": "Secret Keyword",
        "filename": "huluchat-v3\\src\\i18n\\locales\\fa.json",
        "hashed_secret": "6bd2b210fe73717eaccb0a09bbaf2aa939cf6187",
        "is_verified": false,
        "line_number": 66
      }
    ],
    "huluchat-v3\\src\\i18n\\locales\\ff.json": [
      {
        "type": "Secret Keyword",
        "filename": "huluchat-v3\\src\\i18n\\locales\\ff.json",
        "hashed_secret": "85397fa7eeeb45de466e76a38f9f97c746192040",
        "is_verified": false,
        "line_number": 64
      },
      {
        "type": "Secret Keyword",
        "filename": "huluchat-v3\\src\\i18n\\locales\\ff.json",
        "hashed_secret": "ec3810e10fb78db55ce38b9c18d1c3eb1db739e0",
        "is_verified": false,
        "line_number": 65
      },
      {
        "type": "Secret Keyword",
        "filename": "huluchat-v3\\src\\i18n\\locales\\ff.json",
        "hashed_secret": "70a5fd94137615da642714d6842e43ffaee912eb",
        "is_verified": false,
        "line_number": 66
      }
    ],
    "huluchat-v3\\src\\i18n\\locales\\fi.json": [
      {
        "type": "Secret Keyword",
        "filename": "huluchat-v3\\src\\i18n\\locales\\fi.json",
        "hashed_secret": "7b2b350fad4eea61df86cb36c2f71bc0df166161",
        "is_verified": false,
        "line_number": 64
      },
      {
        "type": "Secret Keyword",
        "filename": "huluchat-v3\\src\\i18n\\locales\\fi.json",
        "hashed_secret": "ec3810e10fb78db55ce38b9c18d1c3eb1db739e0",
        "is_verified": false,
        "line_number": 65
      },
      {
        "type": "Secret Keyword",
        "filename": "huluchat-v3\\src\\i18n\\locales\\fi.json",
        "hashed_secret": "46b8b2557fc46a219b027b98bcf2c00e42a043ae",
        "is_verified": false,
        "line_number": 66
      }
    ],
    "huluchat-v3\\src\\i18n\\locales\\fr.json": [
      {
        "type": "Secret Keyword",
        "filename": "huluchat-v3\\src\\i18n\\locales\\fr.json",
        "hashed_secret": "b58576571f19a080a0abf5128c7a5733851bb57d",
        "is_verified": false,
        "line_number": 64
      },
      {
        "type": "Secret Keyword",
        "filename": "huluchat-v3\\src\\i18n\\locales\\fr.json",
        "hashed_secret": "ec3810e10fb78db55ce38b9c18d1c3eb1db739e0",
        "is_verified": false,
        "line_number": 65
      },
      {
        "type": "Secret Keyword",
        "filename": "huluchat-v3\\src\\i18n\\locales\\fr.json",
        "hashed_secret": "932fe0121a93771d698d5181d0e44d0950f9fe21",
        "is_verified": false,
        "line_number": 66
      }
    ],
    "huluchat-v3\\src\\i18n\\locales\\gu.json": [
      {
        "type": "Secret Keyword",
        "filename": "huluchat-v3\\src\\i18n\\locales\\gu.json",
        "hashed_secret": "45990c40fd85bbb39c6681eb01593dbedd4322de",
        "is_verified": false,
        "line_number": 64
      },
      {
        "type": "Secret Keyword",
        "filename": "huluchat-v3\\src\\i18n\\locales\\gu.json",
        "hashed_secret": "ec3810e10fb78db55ce38b9c18d1c3eb1db739e0",
        "is_verified": false,
        "line_number": 65
      },
      {
        "type": "Secret Keyword",
        "filename": "huluchat-v3\\src\\i18n\\locales\\gu.json",
        "hashed_secret": "74861a1cb42b289454cd027a59ce5b5e171bef18",
        "is_verified": false,
        "line_number": 66
      }
    ],
    "huluchat-v3\\src\\i18n\\locales\\ha.json": [
      {
        "type": "Secret Keyword",
        "filename": "huluchat-v3\\src\\i18n\\locales\\ha.json",
        "hashed_secret": "0f9dc1ac3a0f50bcb46303da760c54715d58e92a",
        "is_verified": false,
        "line_number": 64
      },
      {
        "type": "Secret Keyword",
        "filename": "huluchat-v3\\src\\i18n\\locales\\ha.json",
        "hashed_secret": "ec3810e10fb78db55ce38b9c18d1c3eb1db739e0",
        "is_verified": false,
        "line_number": 65
      },
      {
        "type": "Secret Keyword",
        "filename": "huluchat-v3\\src\\i18n\\locales\\ha.json",
        "hashed_secret": "ca8c716f75cafd26654a46bd88d2dc347f5fa84e",
        "is_verified": false,
        "line_number": 66
      }
    ],
    "huluchat-v3\\src\\i18n\\locales\\he.json": [
      {
        "type": "Secret Keyword",
        "filename": "huluchat-v3\\src\\i18n\\locales\\he.json",
        "hashed_secret": "fa52c8e0ca6eeda793d5113e98c3233f5865f3d9",
        "is_verified": false,
        "line_number": 64
      },
      {
        "type": "Secret Keyword",
        "filename": "huluchat-v3\\src\\i18n\\locales\\he.json",
        "hashed_secret": "ec3810e10fb78db55ce38b9c18d1c3eb1db739e0",
        "is_verified": false,
        "line_number": 65
      },
      {
        "type": "Secret Keyword",
        "filename": "huluchat-v3\\src\\i18n\\locales\\he.json",
        "hashed_secret": "a160ce3c9ec03a19e927c6673d0faf7c5a1fb572",
        "is_verified": false,
        "line_number": 66
      }
    ],
    "huluchat-v3\\src\\i18n\\locales\\hi.json": [
      {
        "type": "Secret Keyword",
        "filename": "huluchat-v3\\src\\i18n\\locales\\hi.json",
        "hashed_secret": "84c37226fb74a21c2e94b418d32fda9198ad699c",
        "is_verified": false,
        "line_number": 64
      },
      {
        "type": "Secret Keyword",
        "filename": "huluchat-v3\\src\\i18n\\locales\\hi.json",
        "hashed_secret": "ec3810e10fb78db55ce38b9c18d1c3eb1db739e0",
        "is_verified": false,
        "line_number": 65
      },
      {
        "type": "Secret Keyword",
        "filename": "huluchat-v3\\src\\i18n\\locales\\hi.json",
        "hashed_secret": "bd4262ab4da6984da380bee99a3042e3b2f1cdb3",
        "is_verified": false,
        "line_number": 66
      }
    ],
    "huluchat-v3\\src\\i18n\\locales\\hu.json": [
      {
        "type": "Secret Keyword",
        "filename": "huluchat-v3\\src\\i18n\\locales\\hu.json",
        "hashed_secret": "e17f09e39f3740d733d4d9604cbb15b6255be0f8",
        "is_verified": false,
        "line_number": 64
      },
      {
        "type": "Secret Keyword",
        "filename": "huluchat-v3\\src\\i18n\\locales\\hu.json",
        "hashed_secret": "ec3810e10fb78db55ce38b9c18d1c3eb1db739e0",
        "is_verified": false,
        "line_number": 65
      },
      {
        "type": "Secret Keyword",
        "filename": "huluchat-v3\\src\\i18n\\locales\\hu.json",
        "hashed_secret": "529518fa8cab28883ef0fa01fbf6e06429547b9d",
        "is_verified": false,
        "line_number": 66
      }
    ],
    "huluchat-v3\\src\\i18n\\locales\\huk.json": [
      {
        "type": "Secret Keyword",
        "filename": "huluchat-v3\\src\\i18n\\locales\\huk.json",
        "hashed_secret": "4cb020998b147c46fa9932ffd1ee8c59e937ac4b",
        "is_verified": false,
        "line_number": 64
      },
      {
        "type": "Secret Keyword",
        "filename": "huluchat-v3\\src\\i18n\\locales\\huk.json",
        "hashed_secret": "ec3810e10fb78db55ce38b9c18d1c3eb1db739e0",
        "is_verified": false,
        "line_number": 65
      }
    ],
    "huluchat-v3\\src\\i18n\\locales\\id.json": [
      {
        "type": "Secret Keyword",
        "filename": "huluchat-v3\\src\\i18n\\locales\\id.json",
        "hashed_secret": "227dae396e14840a707730126995872c8cc15589",
        "is_verified": false,
        "line_number": 64
      },
      {
        "type": "Secret Keyword",
        "filename": "huluchat-v3\\src\\i18n\\locales\\id.json",
        "hashed_secret": "ec3810e10fb78db55ce38b9c18d1c3eb1db739e0",
        "is_verified": false,
        "line_number": 65
      },
      {
        "type": "Secret Keyword",
        "filename": "huluchat-v3\\src\\i18n\\locales\\id.json",
        "hashed_secret": "18616b508825f2a621d97b6e7ed5b33635d96c8c",
        "is_verified": false,
        "line_number": 66
      }
    ],
    "huluchat-v3\\src\\i18n\\locales\\ig.json": [
      {
        "type": "Secret Keyword",
        "filename": "huluchat-v3\\src\\i18n\\locales\\ig.json",
        "hashed_secret": "7673fa51a16ff7953ac5c21f1154cd0b6e18bbe0",
        "is_verified": false,
        "line_number": 64
      },
      {
        "type": "Secret Keyword",
        "filename": "huluchat-v3\\src\\i18n\\locales\\ig.json",
        "hashed_secret": "ec3810e10fb78db55ce38b9c18d1c3eb1db739e0",
        "is_verified": false,
        "line_number": 65
      },
      {
        "type": "Secret Keyword",
        "filename": "huluchat-v3\\src\\i18n\\locales\\ig.json",
        "hashed_secret": "7f31cb34ba75106a79d40faf71972b858bcecfc8",
        "is_verified": false,
        "line_number": 66
      }
    ],
    "huluchat-v3\\src\\i18n\\locales\\it.json": [
      {
        "type": "Secret Keyword",
        "filename": "huluchat-v3\\src\\i18n\\locales\\it.json",
        "hashed_secret": "f7b3571eab34c9b2f1c1b627ba8ba0d538832dd6",
        "is_verified": false,
        "line_number": 64
      },
      {
        "type": "Secret Keyword",
        "filename": "huluchat-v3\\src\\i18n\\locales\\it.json",
        "hashed_secret": "ec3810e10fb78db55ce38b9c18d1c3eb1db739e0",
        "is_verified": false,
        "line_number": 65
      },
      {
        "type": "Secret Keyword",
        "filename": "huluchat-v3\\src\\i18n\\locales\\it.json",
        "hashed_secret": "fdda4bf152a1effe711407676969a6b668540eda",
        "is_verified": false,
        "line_number": 66
      }
    ],
    "huluchat-v3\\src\\i18n\\locales\\ja.json": [
      {
        "type": "Secret Keyword",
        "filename": "huluchat-v3\\src\\i18n\\locales\\ja.json",
        "hashed_secret": "05f28dfa5079c36bb1cdbe76190edc2b4ee4e2f1",
        "is_verified": false,
        "line_number": 64
      },
      {
        "type": "Secret Keyword",
        "filename": "huluchat-v3\\src\\i18n\\locales\\ja.json",
        "hashed_secret": "ec3810e10fb78db55ce38b9c18d1c3eb1db739e0",
        "is_verified": false,
        "line_number": 65
      },
      {
        "type": "Secret Keyword",
        "filename": "huluchat-v3\\src\\i18n\\locales\\ja.json",
        "hashed_secret": "d7328c8277322ca351d65f6d924f1b2835c5a1a8",
        "is_verified": false,
        "line_number": 66
      }
    ],
    "huluchat-v3\\src\\i18n\\locales\\jv.json": [
      {
        "type": "Secret Keyword",
        "filename": "huluchat-v3\\src\\i18n\\locales\\jv.json",
        "hashed_secret": "227dae396e14840a707730126995872c8cc15589",
        "is_verified": false,
        "line_number": 64
      },
      {
        "type": "Secret Keyword",
        "filename": "huluchat-v3\\src\\i18n\\locales\\jv.json",
        "hashed_secret": "ec3810e10fb78db55ce38b9c18d1c3eb1db739e0",
        "is_verified": false,
        "line_number": 65
      },
      {
        "type": "Secret Keyword",
        "filename": "huluchat-v3\\src\\i18n\\locales\\jv.json",
        "hashed_secret": "5b8a0e8fe9fa5334dbce76bb1190d7848138ee34",
        "is_verified": false,
        "line_number": 66
      }
    ],
    "huluchat-v3\\src\\i18n\\locales\\kam.json": [
      {
        "type": "Secret Keyword",
        "filename": "huluchat-v3\\src\\i18n\\locales\\kam.json",
        "hashed_secret": "47acd2028cf81b5da88ddeedb2aea4eca4b71fbd",
        "is_verified": false,
        "line_number": 64
      },
      {
        "type": "Secret Keyword",
        "filename": "huluchat-v3\\src\\i18n\\locales\\kam.json",
        "hashed_secret": "ec3810e10fb78db55ce38b9c18d1c3eb1db739e0",
        "is_verified": false,
        "line_number": 65
      },
      {
        "type": "Secret Keyword",
        "filename": "huluchat-v3\\src\\i18n\\locales\\kam.json",
        "hashed_secret": "196e1919e2262dd93b968af473db5720e425b37c",
        "is_verified": false,
        "line_number": 66
      }
    ],
    "huluchat-v3\\src\\i18n\\locales\\kbl.json": [
      {
        "type": "Secret Keyword",
        "filename": "huluchat-v3\\src\\i18n\\locales\\kbl.json",
        "hashed_secret": "892f8d7c8550f9ae3e72102f632a5b447d67ea34",
        "is_verified": false,
        "line_number": 64
      },
      {
        "type": "Secret Keyword",
        "filename": "huluchat-v3\\src\\i18n\\locales\\kbl.json",
        "hashed_secret": "ec3810e10fb78db55ce38b9c18d1c3eb1db739e0",
        "is_verified": false,
        "line_number": 65
      },
      {
        "type": "Secret Keyword",
        "filename": "huluchat-v3\\src\\i18n\\locales\\kbl.json",
        "hashed_secret": "99cd3ed1fd4c17d7926167b7f2f0844a9bac2bbd",
        "is_verified": false,
        "line_number": 66
      }
    ],
    "huluchat-v3\\src\\i18n\\locales\\kg.json": [
      {
        "type": "Secret Keyword",
        "filename": "huluchat-v3\\src\\i18n\\locales\\kg.json",
        "hashed_secret": "cef4b61e0e314469cc474c579cf67f8e6d556647",
        "is_verified": false,
        "line_number": 64
      },
      {
        "type": "Secret Keyword",
        "filename": "huluchat-v3\\src\\i18n\\locales\\kg.json",
        "hashed_secret": "ec3810e10fb78db55ce38b9c18d1c3eb1db739e0",
        "is_verified": false,
        "line_number": 65
      },
      {
        "type": "Secret Keyword",
        "filename": "huluchat-v3\\src\\i18n\\locales\\kg.json",
        "hashed_secret": "e0fb1b1eeac2cf74ff8562476e7b9b291137965b",
        "is_verified": false,
        "line_number": 66
      }
    ],
    "huluchat-v3\\src\\i18n\\locales\\ki.json": [
      {
        "type": "Secret Keyword",
        "filename": "huluchat-v3\\src\\i18n\\locales\\ki.json",
        "hashed_secret": "47acd2028cf81b5da88ddeedb2aea4eca4b71fbd",
        "is_verified": false,
        "line_number": 64
      },
      {
        "type": "Secret Keyword",
        "filename": "huluchat-v3\\src\\i18n\\locales\\ki.json",
        "hashed_secret": "ec3810e10fb78db55ce38b9c18d1c3eb1db739e0",
        "is_verified": false,
        "line_number": 65
      },
      {
        "type": "Secret Keyword",
        "filename": "huluchat-v3\\src\\i18n\\locales\\ki.json",
        "hashed_secret": "135a518c0646c72b249f4931dbf55ddd2ce6f89a",
        "is_verified": false,
        "line_number": 66
      }
    ],
    "huluchat-v3\\src\\i18n\\locales\\kn.json": [
      {
        "type": "Secret Keyword",
        "filename": "huluchat-v3\\src\\i18n\\locales\\kn.json",
        "hashed_secret": "8209431835f6d164b110add2ead1ca41100544a4",
        "is_verified": false,
        "line_number": 64
      },
      {
        "type": "Secret Keyword",
        "filename": "huluchat-v3\\src\\i18n\\locales\\kn.json",
        "hashed_secret": "ec3810e10fb78db55ce38b9c18d1c3eb1db739e0",
        "is_verified": false,
        "line_number": 65
      },
      {
        "type": "Secret Keyword",
        "filename": "huluchat-v3\\src\\i18n\\locales\\kn.json",
        "hashed_secret": "f86d340df7e8a3ef3969fa4862fbadf1e6f6aeee",
        "is_verified": false,
        "line_number": 66
      }
    ],
    "huluchat-v3\\src\\i18n\\locales\\ko.json": [
      {
        "type": "Secret Keyword",
        "filename": "huluchat-v3\\src\\i18n\\locales\\ko.json",
        "hashed_secret": "84a0aecd9581c2c20b2e9746345c58e04c1ebb79",
        "is_verified": false,
        "line_number": 64
      },
      {
        "type": "Secret Keyword",
        "filename": "huluchat-v3\\src\\i18n\\locales\\ko.json",
        "hashed_secret": "ec3810e10fb78db55ce38b9c18d1c3eb1db739e0",
        "is_verified": false,
        "line_number": 65
      },
      {
        "type": "Secret Keyword",
        "filename": "huluchat-v3\\src\\i18n\\locales\\ko.json",
        "hashed_secret": "c368659202beebfc51d890e7d5077a70d95ce3a2",
        "is_verified": false,
        "line_number": 66
      }
    ],
    "huluchat-v3\\src\\i18n\\locales\\kr.json": [
      {
        "type": "Secret Keyword",
        "filename": "huluchat-v3\\src\\i18n\\locales\\kr.json",
        "hashed_secret": "47acd2028cf81b5da88ddeedb2aea4eca4b71fbd",
        "is_verified": false,
        "line_number": 64
      },
      {
        "type": "Secret Keyword",
        "filename": "huluchat-v3\\src\\i18n\\locales\\kr.json",
        "hashed_secret": "ec3810e10fb78db55ce38b9c18d1c3eb1db739e0",
        "is_verified": false,
        "line_number": 65
      },
      {
        "type": "Secret Keyword",
        "filename": "huluchat-v3\\src\\i18n\\locales\\kr.json",
        "hashed_secret": "2477c92a8c21f949ba28230c3cab6dba93de4ec3",
        "is_verified": false,
        "line_number": 66
      }
    ],
    "huluchat-v3\\src\\i18n\\locales\\ktu.json": [
      {
        "type": "Secret Keyword",
        "filename": "huluchat-v3\\src\\i18n\\locales\\ktu.json",
        "hashed_secret": "47acd2028cf81b5da88ddeedb2aea4eca4b71fbd",
        "is_verified": false,
        "line_number": 64
      },
      {
        "type": "Secret Keyword",
        "filename": "huluchat-v3\\src\\i18n\\locales\\ktu.json",
        "hashed_secret": "ec3810e10fb78db55ce38b9c18d1c3eb1db739e0",
        "is_verified": false,
        "line_number": 65
      },
      {
        "type": "Secret Keyword",
        "filename": "huluchat-v3\\src\\i18n\\locales\\ktu.json",
        "hashed_secret": "bd711d26cdda56a8c5ba42882cf3ec545ea07c7e",
        "is_verified": false,
        "line_number": 66
      }
    ],
    "huluchat-v3\\src\\i18n\\locales\\lg.json": [
      {
        "type": "Secret Keyword",
        "filename": "huluchat-v3\\src\\i18n\\locales\\lg.json",
        "hashed_secret": "47acd2028cf81b5da88ddeedb2aea4eca4b71fbd",
        "is_verified": false,
        "line_number": 64
      },
      {
        "type": "Secret Keyword",
        "filename": "huluchat-v3\\src\\i18n\\locales\\lg.json",
        "hashed_secret": "ec3810e10fb78db55ce38b9c18d1c3eb1db739e0",
        "is_verified": false,
        "line_number": 65
      },
      {
        "type": "Secret Keyword",
        "filename": "huluchat-v3\\src\\i18n\\locales\\lg.json",
        "hashed_secret": "ca850674fa85255cd86e438049796b4913692782",
        "is_verified": false,
        "line_number": 66
      }
    ],
    "huluchat-v3\\src\\i18n\\locales\\ln.json": [
      {
        "type": "Secret Keyword",
        "filename": "huluchat-v3\\src\\i18n\\locales\\ln.json",
        "hashed_secret": "ff53f1876737d5fedc1206e1cce1c838ed1fd1f4",
        "is_verified": false,
        "line_number": 64
      },
      {
        "type": "Secret Keyword",
        "filename": "huluchat-v3\\src\\i18n\\locales\\ln.json",
        "hashed_secret": "ec3810e10fb78db55ce38b9c18d1c3eb1db739e0",
        "is_verified": false,
        "line_number": 65
      },
      {
        "type": "Secret Keyword",
        "filename": "huluchat-v3\\src\\i18n\\locales\\ln.json",
        "hashed_secret": "5df091052a7ee879f70a4239e9c1a01ff4d064e7",
        "is_verified": false,
        "line_number": 66
      }
    ],
    "huluchat-v3\\src\\i18n\\locales\\lol.json": [
      {
        "type": "Secret Keyword",
        "filename": "huluchat-v3\\src\\i18n\\locales\\lol.json",
        "hashed_secret": "f967146f07f1cd2809e80e8ceeef5c837011520f",
        "is_verified": false,
        "line_number": 64
      },
      {
        "type": "Secret Keyword",
        "filename": "huluchat-v3\\src\\i18n\\locales\\lol.json",
        "hashed_secret": "ec3810e10fb78db55ce38b9c18d1c3eb1db739e0",
        "is_verified": false,
        "line_number": 65
      },
      {
        "type": "Secret Keyword",
        "filename": "huluchat-v3\\src\\i18n\\locales\\lol.json",
        "hashed_secret": "941d05dede15de13bdf8f50de3995aba68ecad6a",
        "is_verified": false,
        "line_number": 66
      }
    ],
    "huluchat-v3\\src\\i18n\\locales\\lua.json": [
      {
        "type": "Secret Keyword",
        "filename": "huluchat-v3\\src\\i18n\\locales\\lua.json",
        "hashed_secret": "47acd2028cf81b5da88ddeedb2aea4eca4b71fbd",
        "is_verified": false,
        "line_number": 64
      },
      {
        "type": "Secret Keyword",
        "filename": "huluchat-v3\\src\\i18n\\locales\\lua.json",
        "hashed_secret": "ec3810e10fb78db55ce38b9c18d1c3eb1db739e0",
        "is_verified": false,
        "line_number": 65
      },
      {
        "type": "Secret Keyword",
        "filename": "huluchat-v3\\src\\i18n\\locales\\lua.json",
        "hashed_secret": "c9043ac3daa93adca2c0beeb4b3436c501bd0db4",
        "is_verified": false,
        "line_number": 66
      }
    ],
    "huluchat-v3\\src\\i18n\\locales\\luo.json": [
      {
        "type": "Secret Keyword",
        "filename": "huluchat-v3\\src\\i18n\\locales\\luo.json",
        "hashed_secret": "47acd2028cf81b5da88ddeedb2aea4eca4b71fbd",
        "is_verified": false,
        "line_number": 64
      },
      {
        "type": "Secret Keyword",
        "filename": "huluchat-v3\\src\\i18n\\locales\\luo.json",
        "hashed_secret": "ec3810e10fb78db55ce38b9c18d1c3eb1db739e0",
        "is_verified": false,
        "line_number": 65
      },
      {
        "type": "Secret Keyword",
        "filename": "huluchat-v3\\src\\i18n\\locales\\luo.json",
        "hashed_secret": "1bcca7f642da5854a3d0e01abc7253643142cd9e",
        "is_verified": false,
        "line_number": 66
      }
    ],
    "huluchat-v3\\src\\i18n\\locales\\mas.json": [
      {
        "type": "Secret Keyword",
        "filename": "huluchat-v3\\src\\i18n\\locales\\mas.json",
        "hashed_secret": "47acd2028cf81b5da88ddeedb2aea4eca4b71fbd",
        "is_verified": false,
        "line_number": 64
      },
      {
        "type": "Secret Keyword",
        "filename": "huluchat-v3\\src\\i18n\\locales\\mas.json",
        "hashed_secret": "ec3810e10fb78db55ce38b9c18d1c3eb1db739e0",
        "is_verified": false,
        "line_number": 65
      },
      {
        "type": "Secret Keyword",
        "filename": "huluchat-v3\\src\\i18n\\locales\\mas.json",
        "hashed_secret": "e520ca1456eb19737d7545bd465888cbd808b478",
        "is_verified": false,
        "line_number": 66
      }
    ],
    "huluchat-v3\\src\\i18n\\locales\\ml.json": [
      {
        "type": "Secret Keyword",
        "filename": "huluchat-v3\\src\\i18n\\locales\\ml.json",
        "hashed_secret": "4996992210a506bce07d96758d7667f7d3e026c7",
        "is_verified": false,
        "line_number": 64
      },
      {
        "type": "Secret Keyword",
        "filename": "huluchat-v3\\src\\i18n\\locales\\ml.json",
        "hashed_secret": "ec3810e10fb78db55ce38b9c18d1c3eb1db739e0",
        "is_verified": false,
        "line_number": 65
      },
      {
        "type": "Secret Keyword",
        "filename": "huluchat-v3\\src\\i18n\\locales\\ml.json",
        "hashed_secret": "3299fb19cdfba8b721f21f9a558dae13a0b003e4",
        "is_verified": false,
        "line_number": 66
      }
    ],
    "huluchat-v3\\src\\i18n\\locales\\mr.json": [
      {
        "type": "Secret Keyword",
        "filename": "huluchat-v3\\src\\i18n\\locales\\mr.json",
        "hashed_secret": "f64689c18c21e02e675d5b887c504a62776bb0b3",
        "is_verified": false,
        "line_number": 64
      },
      {
        "type": "Secret Keyword",
        "filename": "huluchat-v3\\src\\i18n\\locales\\mr.json",
        "hashed_secret": "ec3810e10fb78db55ce38b9c18d1c3eb1db739e0",
        "is_verified": false,
        "line_number": 65
      },
      {
        "type": "Secret Keyword",
        "filename": "huluchat-v3\\src\\i18n\\locales\\mr.json",
        "hashed_secret": "118cb61bf3fb84c5947b949bab6c60b21ae7479a",
        "is_verified": false,
        "line_number": 66
      }
    ],
    "huluchat-v3\\src\\i18n\\locales\\ms.json": [
      {
        "type": "Secret Keyword",
        "filename": "huluchat-v3\\src\\i18n\\locales\\ms.json",
        "hashed_secret": "227dae396e14840a707730126995872c8cc15589",
        "is_verified": false,
        "line_number": 64
      },
      {
        "type": "Secret Keyword",
        "filename": "huluchat-v3\\src\\i18n\\locales\\ms.json",
        "hashed_secret": "ec3810e10fb78db55ce38b9c18d1c3eb1db739e0",
        "is_verified": false,
        "line_number": 65
      },
      {
        "type": "Secret Keyword",
        "filename": "huluchat-v3\\src\\i18n\\locales\\ms.json",
        "hashed_secret": "56d0c26a969ba1df6856ca97bce04d3ca3a5a607",
        "is_verified": false,
        "line_number": 66
      }
    ],
    "huluchat-v3\\src\\i18n\\locales\\nl.json": [
      {
        "type": "Secret Keyword",
        "filename": "huluchat-v3\\src\\i18n\\locales\\nl.json",
        "hashed_secret": "d1924c8494f671a36b27f82a34b630edcc27e811",
        "is_verified": false,
        "line_number": 64
      },
      {
        "type": "Secret Keyword",
        "filename": "huluchat-v3\\src\\i18n\\locales\\nl.json",
        "hashed_secret": "ec3810e10fb78db55ce38b9c18d1c3eb1db739e0",
        "is_verified": false,
        "line_number": 65
      },
      {
        "type": "Secret Keyword",
        "filename": "huluchat-v3\\src\\i18n\\locales\\nl.json",
        "hashed_secret": "bb9110679b42688a2250e41d605d312379aa7845",
        "is_verified": false,
        "line_number": 66
      }
    ],
    "huluchat-v3\\src\\i18n\\locales\\no.json": [
      {
        "type": "Secret Keyword",
        "filename": "huluchat-v3\\src\\i18n\\locales\\no.json",
        "hashed_secret": "129bb92a934c6e26f08a757186ed204d8908e679",
        "is_verified": false,
        "line_number": 64
      },
      {
        "type": "Secret Keyword",
        "filename": "huluchat-v3\\src\\i18n\\locales\\no.json",
        "hashed_secret": "ec3810e10fb78db55ce38b9c18d1c3eb1db739e0",
        "is_verified": false,
        "line_number": 65
      },
      {
        "type": "Secret Keyword",
        "filename": "huluchat-v3\\src\\i18n\\locales\\no.json",
        "hashed_secret": "d32c7b4f2a16506114fc3a399c185c68aae0f970",
        "is_verified": false,
        "line_number": 66
      }
    ],
    "huluchat-v3\\src\\i18n\\locales\\nus.json": [
      {
        "type": "Secret Keyword",
        "filename": "huluchat-v3\\src\\i18n\\locales\\nus.json",
        "hashed_secret": "47acd2028cf81b5da88ddeedb2aea4eca4b71fbd",
        "is_verified": false,
        "line_number": 64
      },
      {
        "type": "Secret Keyword",
        "filename": "huluchat-v3\\src\\i18n\\locales\\nus.json",
        "hashed_secret": "ec3810e10fb78db55ce38b9c18d1c3eb1db739e0",
        "is_verified": false,
        "line_number": 65
      },
      {
        "type": "Secret Keyword",
        "filename": "huluchat-v3\\src\\i18n\\locales\\nus.json",
        "hashed_secret": "b9097b2ff737f2df4498a4486e2e0783e3d101f8",
        "is_verified": false,
        "line_number": 66
      }
    ],
    "huluchat-v3\\src\\i18n\\locales\\ny.json": [
      {
        "type": "Secret Keyword",
        "filename": "huluchat-v3\\src\\i18n\\locales\\ny.json",
        "hashed_secret": "6966c3199add48d8c223d48dddaa7b2c16c95cc4",
        "is_verified": false,
        "line_number": 64
      },
      {
        "type": "Secret Keyword",
        "filename": "huluchat-v3\\src\\i18n\\locales\\ny.json",
        "hashed_secret": "ec3810e10fb78db55ce38b9c18d1c3eb1db739e0",
        "is_verified": false,
        "line_number": 65
      },
      {
        "type": "Secret Keyword",
        "filename": "huluchat-v3\\src\\i18n\\locales\\ny.json",
        "hashed_secret": "1a8aa0514f33ed5069aaf14573529a640fb72317",
        "is_verified": false,
        "line_number": 66
      }
    ],
    "huluchat-v3\\src\\i18n\\locales\\nyn.json": [
      {
        "type": "Secret Keyword",
        "filename": "huluchat-v3\\src\\i18n\\locales\\nyn.json",
        "hashed_secret": "47acd2028cf81b5da88ddeedb2aea4eca4b71fbd",
        "is_verified": false,
        "line_number": 64
      },
      {
        "type": "Secret Keyword",
        "filename": "huluchat-v3\\src\\i18n\\locales\\nyn.json",
        "hashed_secret": "ec3810e10fb78db55ce38b9c18d1c3eb1db739e0",
        "is_verified": false,
        "line_number": 65
      },
      {
        "type": "Secret Keyword",
        "filename": "huluchat-v3\\src\\i18n\\locales\\nyn.json",
        "hashed_secret": "808f48a6043a9cd0d26d4a358ec62cfea6ad1f20",
        "is_verified": false,
        "line_number": 66
      }
    ],
    "huluchat-v3\\src\\i18n\\locales\\om.json": [
      {
        "type": "Secret Keyword",
        "filename": "huluchat-v3\\src\\i18n\\locales\\om.json",
        "hashed_secret": "62e1012e8ccffab5b368aa72f5df46374a92127c",
        "is_verified": false,
        "line_number": 64
      },
      {
        "type": "Secret Keyword",
        "filename": "huluchat-v3\\src\\i18n\\locales\\om.json",
        "hashed_secret": "ec3810e10fb78db55ce38b9c18d1c3eb1db739e0",
        "is_verified": false,
        "line_number": 65
      }
    ],
    "huluchat-v3\\src\\i18n\\locales\\or.json": [
      {
        "type": "Secret Keyword",
        "filename": "huluchat-v3\\src\\i18n\\locales\\or.json",
        "hashed_secret": "544c16e0e4d9ba898d56df625b5a5ba81c9dd0c2",
        "is_verified": false,
        "line_number": 64
      },
      {
        "type": "Secret Keyword",
        "filename": "huluchat-v3\\src\\i18n\\locales\\or.json",
        "hashed_secret": "ec3810e10fb78db55ce38b9c18d1c3eb1db739e0",
        "is_verified": false,
        "line_number": 65
      },
      {
        "type": "Secret Keyword",
        "filename": "huluchat-v3\\src\\i18n\\locales\\or.json",
        "hashed_secret": "730bb7498f8ef685be02de6a5f2470363f4230eb",
        "is_verified": false,
        "line_number": 66
      }
    ],
    "huluchat-v3\\src\\i18n\\locales\\pa.json": [
      {
        "type": "Secret Keyword",
        "filename": "huluchat-v3\\src\\i18n\\locales\\pa.json",
        "hashed_secret": "683322cd4267b7c8fee547463b64799f203967ab",
        "is_verified": false,
        "line_number": 64
      },
      {
        "type": "Secret Keyword",
        "filename": "huluchat-v3\\src\\i18n\\locales\\pa.json",
        "hashed_secret": "ec3810e10fb78db55ce38b9c18d1c3eb1db739e0",
        "is_verified": false,
        "line_number": 65
      },
      {
        "type": "Secret Keyword",
        "filename": "huluchat-v3\\src\\i18n\\locales\\pa.json",
        "hashed_secret": "9e6c433b693b92b85f1c8cf82a52280fe351f6f9",
        "is_verified": false,
        "line_number": 66
      }
    ],
    "huluchat-v3\\src\\i18n\\locales\\pl.json": [
      {
        "type": "Secret Keyword",
        "filename": "huluchat-v3\\src\\i18n\\locales\\pl.json",
        "hashed_secret": "c064a19ed1b51239f1ac0ccd39bf51dc282ba1a6",
        "is_verified": false,
        "line_number": 64
      },
      {
        "type": "Secret Keyword",
        "filename": "huluchat-v3\\src\\i18n\\locales\\pl.json",
        "hashed_secret": "ec3810e10fb78db55ce38b9c18d1c3eb1db739e0",
        "is_verified": false,
        "line_number": 65
      },
      {
        "type": "Secret Keyword",
        "filename": "huluchat-v3\\src\\i18n\\locales\\pl.json",
        "hashed_secret": "d1610eca714defced88175d811db468171752c9a",
        "is_verified": false,
        "line_number": 66
      }
    ],
    "huluchat-v3\\src\\i18n\\locales\\pt.json": [
      {
        "type": "Secret Keyword",
        "filename": "huluchat-v3\\src\\i18n\\locales\\pt.json",
        "hashed_secret": "62b1e128e8d9cc2719b78aa361a081539e36c8be",
        "is_verified": false,
        "line_number": 64
      },
      {
        "type": "Secret Keyword",
        "filename": "huluchat-v3\\src\\i18n\\locales\\pt.json",
        "hashed_secret": "ec3810e10fb78db55ce38b9c18d1c3eb1db739e0",
        "is_verified": false,
        "line_number": 65
      },
      {
        "type": "Secret Keyword",
        "filename": "huluchat-v3\\src\\i18n\\locales\\pt.json",
        "hashed_secret": "cfa5301d433c8e37506b759e76716bc1be28cfce",
        "is_verified": false,
        "line_number": 66
      }
    ],
    "huluchat-v3\\src\\i18n\\locales\\ro.json": [
      {
        "type": "Secret Keyword",
        "filename": "huluchat-v3\\src\\i18n\\locales\\ro.json",
        "hashed_secret": "895019620de7b4307ea7273e4afa143ffeb3dcaa",
        "is_verified": false,
        "line_number": 64
      },
      {
        "type": "Secret Keyword",
        "filename": "huluchat-v3\\src\\i18n\\locales\\ro.json",
        "hashed_secret": "ec3810e10fb78db55ce38b9c18d1c3eb1db739e0",
        "is_verified": false,
        "line_number": 65
      },
      {
        "type": "Secret Keyword",
        "filename": "huluchat-v3\\src\\i18n\\locales\\ro.json",
        "hashed_secret": "f53f92cf4afb2a520a9489e377a4f07ce47aa7e1",
        "is_verified": false,
        "line_number": 66
      }
    ],
    "huluchat-v3\\src\\i18n\\locales\\ru.json": [
      {
        "type": "Secret Keyword",
        "filename": "huluchat-v3\\src\\i18n\\locales\\ru.json",
        "hashed_secret": "2422f971d0a9796c370d460f92028a24e14eca56",
        "is_verified": false,
        "line_number": 64
      },
      {
        "type": "Secret Keyword",
        "filename": "huluchat-v3\\src\\i18n\\locales\\ru.json",
        "hashed_secret": "ec3810e10fb78db55ce38b9c18d1c3eb1db739e0",
        "is_verified": false,
        "line_number": 65
      },
      {
        "type": "Secret Keyword",
        "filename": "huluchat-v3\\src\\i18n\\locales\\ru.json",
        "hashed_secret": "b74ef9c6b429f4261d19c258e9718ff5f03ac0be",
        "is_verified": false,
        "line_number": 66
      }
    ],
    "huluchat-v3\\src\\i18n\\locales\\rw.json": [
      {
        "type": "Secret Keyword",
        "filename": "huluchat-v3\\src\\i18n\\locales\\rw.json",
        "hashed_secret": "4cb020998b147c46fa9932ffd1ee8c59e937ac4b",
        "is_verified": false,
        "line_number": 64
      },
      {
        "type": "Secret Keyword",
        "filename": "huluchat-v3\\src\\i18n\\locales\\rw.json",
        "hashed_secret": "ec3810e10fb78db55ce38b9c18d1c3eb1db739e0",
        "is_verified": false,
        "line_number": 65
      },
      {
        "type": "Secret Keyword",
        "filename": "huluchat-v3\\src\\i18n\\locales\\rw.json",
        "hashed_secret": "6384ce8aec8e2e4a3ea7ae9a518f718286691f20",
        "is_verified": false,
        "line_number": 66
      }
    ],
    "huluchat-v3\\src\\i18n\\locales\\sn.json": [
      {
        "type": "Secret Keyword",
        "filename": "huluchat-v3\\src\\i18n\\locales\\sn.json",
        "hashed_secret": "5442653f311baa9ef39f2eccc5be7f66bf9f5c33",
        "is_verified": false,
        "line_number": 64
      },
      {
        "type": "Secret Keyword",
        "filename": "huluchat-v3\\src\\i18n\\locales\\sn.json",
        "hashed_secret": "ec3810e10fb78db55ce38b9c18d1c3eb1db739e0",
        "is_verified": false,
        "line_number": 65
      },
      {
        "type": "Secret Keyword",
        "filename": "huluchat-v3\\src\\i18n\\locales\\sn.json",
        "hashed_secret": "1be1458ad5a53a38fb02031042dd00bf16d1e2d4",
        "is_verified": false,
        "line_number": 66
      }
    ],
    "huluchat-v3\\src\\i18n\\locales\\so.json": [
      {
        "type": "Secret Keyword",
        "filename": "huluchat-v3\\src\\i18n\\locales\\so.json",
        "hashed_secret": "4b342a88f27d2939a477243e1d1d32dd160228ed",
        "is_verified": false,
        "line_number": 64
      },
      {
        "type": "Secret Keyword",
        "filename": "huluchat-v3\\src\\i18n\\locales\\so.json",
        "hashed_secret": "ec3810e10fb78db55ce38b9c18d1c3eb1db739e0",
        "is_verified": false,
        "line_number": 65
      },
      {
        "type": "Secret Keyword",
        "filename": "huluchat-v3\\src\\i18n\\locales\\so.json",
        "hashed_secret": "f64ae25ef9532c7f9aefc1105451dc8fbd2d7d1a",
        "is_verified": false,
        "line_number": 66
      }
    ],
    "huluchat-v3\\src\\i18n\\locales\\sv.json": [
      {
        "type": "Secret Keyword",
        "filename": "huluchat-v3\\src\\i18n\\locales\\sv.json",
        "hashed_secret": "9b9b50056a5d73c6be7da8532cda1ffdffb7aac8",
        "is_verified": false,
        "line_number": 64
      },
      {
        "type": "Secret Keyword",
        "filename": "huluchat-v3\\src\\i18n\\locales\\sv.json",
        "hashed_secret": "ec3810e10fb78db55ce38b9c18d1c3eb1db739e0",
        "is_verified": false,
        "line_number": 65
      },
      {
        "type": "Secret Keyword",
        "filename": "huluchat-v3\\src\\i18n\\locales\\sv.json",
        "hashed_secret": "e88eca1dd19f7cdb3876271f694672fcb5035c34",
        "is_verified": false,
        "line_number": 66
      }
    ],
    "huluchat-v3\\src\\i18n\\locales\\sw.json": [
      {
        "type": "Secret Keyword",
        "filename": "huluchat-v3\\src\\i18n\\locales\\sw.json",
        "hashed_secret": "4dcc0c064d2280783ac9571210d7eb34f5c57cd8",
        "is_verified": false,
        "line_number": 64
      },
      {
        "type": "Secret Keyword",
        "filename": "huluchat-v3\\src\\i18n\\locales\\sw.json",
        "hashed_secret": "ec3810e10fb78db55ce38b9c18d1c3eb1db739e0",
        "is_verified": false,
        "line_number": 65
      },
      {
        "type": "Secret Keyword",
        "filename": "huluchat-v3\\src\\i18n\\locales\\sw.json",
        "hashed_secret": "38c63251d09ce4b2295a82348713a524d1014845",
        "is_verified": false,
        "line_number": 66
      }
    ],
    "huluchat-v3\\src\\i18n\\locales\\ta.json": [
      {
        "type": "Secret Keyword",
        "filename": "huluchat-v3\\src\\i18n\\locales\\ta.json",
        "hashed_secret": "f1f640d87516dc05eb5fbd5e87aabaf264ed5413",
        "is_verified": false,
        "line_number": 64
      },
      {
        "type": "Secret Keyword",
        "filename": "huluchat-v3\\src\\i18n\\locales\\ta.json",
        "hashed_secret": "ec3810e10fb78db55ce38b9c18d1c3eb1db739e0",
        "is_verified": false,
        "line_number": 65
      },
      {
        "type": "Secret Keyword",
        "filename": "huluchat-v3\\src\\i18n\\locales\\ta.json",
        "hashed_secret": "399a8ebcf8936c4615171e9cb82f0785bd7a9731",
        "is_verified": false,
        "line_number": 66
      }
    ],
    "huluchat-v3\\src\\i18n\\locales\\te.json": [
      {
        "type": "Secret Keyword",
        "filename": "huluchat-v3\\src\\i18n\\locales\\te.json",
        "hashed_secret": "0c70a1f4caf388d47f9457652003a6250f456855",
        "is_verified": false,
        "line_number": 64
      },
      {
        "type": "Secret Keyword",
        "filename": "huluchat-v3\\src\\i18n\\locales\\te.json",
        "hashed_secret": "ec3810e10fb78db55ce38b9c18d1c3eb1db739e0",
        "is_verified": false,
        "line_number": 65
      },
      {
        "type": "Secret Keyword",
        "filename": "huluchat-v3\\src\\i18n\\locales\\te.json",
        "hashed_secret": "33efda7ac298064b73d08ef32ba4d2ee113e826c",
        "is_verified": false,
        "line_number": 66
      }
    ],
    "huluchat-v3\\src\\i18n\\locales\\th.json": [
      {
        "type": "Secret Keyword",
        "filename": "huluchat-v3\\src\\i18n\\locales\\th.json",
        "hashed_secret": "4d8c6989b8b21684a4a5fc0ede9d6001e55ea0b9",
        "is_verified": false,
        "line_number": 64
      },
      {
        "type": "Secret Keyword",
        "filename": "huluchat-v3\\src\\i18n\\locales\\th.json",
        "hashed_secret": "ec3810e10fb78db55ce38b9c18d1c3eb1db739e0",
        "is_verified": false,
        "line_number": 65
      },
      {
        "type": "Secret Keyword",
        "filename": "huluchat-v3\\src\\i18n\\locales\\th.json",
        "hashed_secret": "7b15c88a35694c4852245eb8c755ef3126612f3f",
        "is_verified": false,
        "line_number": 66
      }
    ],
    "huluchat-v3\\src\\i18n\\locales\\ti.json": [
      {
        "type": "Secret Keyword",
        "filename": "huluchat-v3\\src\\i18n\\locales\\ti.json",
        "hashed_secret": "88c89dd8af59e0b4eb56ff9f3922e52f01224e11",
        "is_verified": false,
        "line_number": 64
      },
      {
        "type": "Secret Keyword",
        "filename": "huluchat-v3\\src\\i18n\\locales\\ti.json",
        "hashed_secret": "ec3810e10fb78db55ce38b9c18d1c3eb1db739e0",
        "is_verified": false,
        "line_number": 65
      },
      {
        "type": "Secret Keyword",
        "filename": "huluchat-v3\\src\\i18n\\locales\\ti.json",
        "hashed_secret": "cb771e281e8a9938fde734dd3b9faf1afa3aa7da",
        "is_verified": false,
        "line_number": 66
      }
    ],
    "huluchat-v3\\src\\i18n\\locales\\tl.json": [
      {
        "type": "Secret Keyword",
        "filename": "huluchat-v3\\src\\i18n\\locales\\tl.json",
        "hashed_secret": "47acd2028cf81b5da88ddeedb2aea4eca4b71fbd",
        "is_verified": false,
        "line_number": 64
      },
      {
        "type": "Secret Keyword",
        "filename": "huluchat-v3\\src\\i18n\\locales\\tl.json",
        "hashed_secret": "ec3810e10fb78db55ce38b9c18d1c3eb1db739e0",
        "is_verified": false,
        "line_number": 65
      },
      {
        "type": "Secret Keyword",
        "filename": "huluchat-v3\\src\\i18n\\locales\\tl.json",
        "hashed_secret": "9eb95a799eab422ab60ca959692de4c35fa417d0",
        "is_verified": false,
        "line_number": 66
      }
    ],
    "huluchat-v3\\src\\i18n\\locales\\tn.json": [
      {
        "type": "Secret Keyword",
        "filename": "huluchat-v3\\src\\i18n\\locales\\tn.json",
        "hashed_secret": "47acd2028cf81b5da88ddeedb2aea4eca4b71fbd",
        "is_verified": false,
        "line_number": 64
      },
      {
        "type": "Secret Keyword",
        "filename": "huluchat-v3\\src\\i18n\\locales\\tn.json",
        "hashed_secret": "ec3810e10fb78db55ce38b9c18d1c3eb1db739e0",
        "is_verified": false,
        "line_number": 65
      },
      {
        "type": "Secret Keyword",
        "filename": "huluchat-v3\\src\\i18n\\locales\\tn.json",
        "hashed_secret": "da6e798c9e0144c0a7b1752e06ab669210968935",
        "is_verified": false,
        "line_number": 66
      }
    ],
    "huluchat-v3\\src\\i18n\\locales\\tr.json": [
      {
        "type": "Secret Keyword",
        "filename": "huluchat-v3\\src\\i18n\\locales\\tr.json",
        "hashed_secret": "13218d32a47de821dd402319408bfdaf8e524be7",
        "is_verified": false,
        "line_number": 64
      },
      {
        "type": "Secret Keyword",
        "filename": "huluchat-v3\\src\\i18n\\locales\\tr.json",
        "hashed_secret": "ec3810e10fb78db55ce38b9c18d1c3eb1db739e0",
        "is_verified": false,
        "line_number": 65
      },
      {
        "type": "Secret Keyword",
        "filename": "huluchat-v3\\src\\i18n\\locales\\tr.json",
        "hashed_secret": "4f3caf4d1aed23e90bc4a91b7375d01f8246f178",
        "is_verified": false,
        "line_number": 66
      }
    ],
    "huluchat-v3\\src\\i18n\\locales\\uk.json": [
      {
        "type": "Secret Keyword",
        "filename": "huluchat-v3\\src\\i18n\\locales\\uk.json",
        "hashed_secret": "6c2c9d61a9c6db16f9ed6a7347c60a082fbe5cb0",
        "is_verified": false,
        "line_number": 64
      },
      {
        "type": "Secret Keyword",
        "filename": "huluchat-v3\\src\\i18n\\locales\\uk.json",
        "hashed_secret": "ec3810e10fb78db55ce38b9c18d1c3eb1db739e0",
        "is_verified": false,
        "line_number": 65
      },
      {
        "type": "Secret Keyword",
        "filename": "huluchat-v3\\src\\i18n\\locales\\uk.json",
        "hashed_secret": "74826eea15e7d5783efb254c1aee2745409eeefa",
        "is_verified": false,
        "line_number": 66
      }
    ],
    "huluchat-v3\\src\\i18n\\locales\\ur.json": [
      {
        "type": "Secret Keyword",
        "filename": "huluchat-v3\\src\\i18n\\locales\\ur.json",
        "hashed_secret": "1a642246d31008642314da27a317dab43ddbfaa2",
        "is_verified": false,
        "line_number": 64
      },
      {
        "type": "Secret Keyword",
        "filename": "huluchat-v3\\src\\i18n\\locales\\ur.json",
        "hashed_secret": "ec3810e10fb78db55ce38b9c18d1c3eb1db739e0",
        "is_verified": false,
        "line_number": 65
      },
      {
        "type": "Secret Keyword",
        "filename": "huluchat-v3\\src\\i18n\\locales\\ur.json",
        "hashed_secret": "d4ce67c557a9913722b1dc253482b3da79131ada",
        "is_verified": false,
        "line_number": 66
      }
    ],
    "huluchat-v3\\src\\i18n\\locales\\vi.json": [
      {
        "type": "Secret Keyword",
        "filename": "huluchat-v3\\src\\i18n\\locales\\vi.json",
        "hashed_secret": "32ad4efb913cb84c95fd6865839dba92b23625fe",
        "is_verified": false,
        "line_number": 64
      },
      {
        "type": "Secret Keyword",
        "filename": "huluchat-v3\\src\\i18n\\locales\\vi.json",
        "hashed_secret": "ec3810e10fb78db55ce38b9c18d1c3eb1db739e0",
        "is_verified": false,
        "line_number": 65
      },
      {
        "type": "Secret Keyword",
        "filename": "huluchat-v3\\src\\i18n\\locales\\vi.json",
        "hashed_secret": "3921d69a4ed64b4e03938db884e0cad2d9d8428a",
        "is_verified": false,
        "line_number": 66
      }
    ],
    "huluchat-v3\\src\\i18n\\locales\\wo.json": [
      {
        "type": "Secret Keyword",
        "filename": "huluchat-v3\\src\\i18n\\locales\\wo.json",
        "hashed_secret": "a4ab2c6c080551fc575a50fd8dbec349041f3a88",
        "is_verified": false,
        "line_number": 64
      },
      {
        "type": "Secret Keyword",
        "filename": "huluchat-v3\\src\\i18n\\locales\\wo.json",
        "hashed_secret": "ec3810e10fb78db55ce38b9c18d1c3eb1db739e0",
        "is_verified": false,
        "line_number": 65
      },
      {
        "type": "Secret Keyword",
        "filename": "huluchat-v3\\src\\i18n\\locales\\wo.json",
        "hashed_secret": "9ebd5a9d814bee66ffe96690d223b14873d7413b",
        "is_verified": false,
        "line_number": 66
      }
    ],
    "huluchat-v3\\src\\i18n\\locales\\xh.json": [
      {
        "type": "Secret Keyword",
        "filename": "huluchat-v3\\src\\i18n\\locales\\xh.json",
        "hashed_secret": "47acd2028cf81b5da88ddeedb2aea4eca4b71fbd",
        "is_verified": false,
        "line_number": 64
      },
      {
        "type": "Secret Keyword",
        "filename": "huluchat-v3\\src\\i18n\\locales\\xh.json",
        "hashed_secret": "ec3810e10fb78db55ce38b9c18d1c3eb1db739e0",
        "is_verified": false,
        "line_number": 65
      },
      {
        "type": "Secret Keyword",
        "filename": "huluchat-v3\\src\\i18n\\locales\\xh.json",
        "hashed_secret": "435d8e155fb23205e0cd20e8b0ecc4c1903936d0",
        "is_verified": false,
        "line_number": 66
      }
    ],
    "huluchat-v3\\src\\i18n\\locales\\yo.json": [
      {
        "type": "Secret Keyword",
        "filename": "huluchat-v3\\src\\i18n\\locales\\yo.json",
        "hashed_secret": "dd90a8e89320091b32bb3f328898e1981d2a6bae",
        "is_verified": false,
        "line_number": 64
      },
      {
        "type": "Secret Keyword",
        "filename": "huluchat-v3\\src\\i18n\\locales\\yo.json",
        "hashed_secret": "ec3810e10fb78db55ce38b9c18d1c3eb1db739e0",
        "is_verified": false,
        "line_number": 65
      },
      {
        "type": "Secret Keyword",
        "filename": "huluchat-v3\\src\\i18n\\locales\\yo.json",
        "hashed_secret": "436932e487506e4d8a92c377f5ee6219fccd17d7",
        "is_verified": false,
        "line_number": 66
      }
    ],
    "huluchat-v3\\src\\i18n\\locales\\zh.json": [
      {
        "type": "Secret Keyword",
        "filename": "huluchat-v3\\src\\i18n\\locales\\zh.json",
        "hashed_secret": "5df1d83e18c6e5903e3f4805f0af1415fd050ef7",
        "is_verified": true,
        "line_number": 234
      },
      {
        "type": "Secret Keyword",
        "filename": "huluchat-v3\\src\\i18n\\locales\\zh.json",
        "hashed_secret": "ec3810e10fb78db55ce38b9c18d1c3eb1db739e0",
        "is_verified": true,
        "line_number": 235
      },
      {
        "type": "Secret Keyword",
        "filename": "huluchat-v3\\src\\i18n\\locales\\zh.json",
        "hashed_secret": "0f0e319308aac1ebe2503513e457662b3bbad011",
        "is_verified": true,
        "line_number": 236
      }
    ],
    "huluchat-v3\\src\\i18n\\locales\\zu.json": [
      {
        "type": "Secret Keyword",
        "filename": "huluchat-v3\\src\\i18n\\locales\\zu.json",
        "hashed_secret": "e5617522ae3e7376f5bbfd1eb26b49113f2f995f",
        "is_verified": false,
        "line_number": 64
      },
      {
        "type": "Secret Keyword",
        "filename": "huluchat-v3\\src\\i18n\\locales\\zu.json",
        "hashed_secret": "ec3810e10fb78db55ce38b9c18d1c3eb1db739e0",
        "is_verified": false,
        "line_number": 65
      },
      {
        "type": "Secret Keyword",
        "filename": "huluchat-v3\\src\\i18n\\locales\\zu.json",
        "hashed_secret": "6ebf8a1add28d4bebec2894be5a722c8ec5f1433",
        "is_verified": false,
        "line_number": 66
      }
    ],
    "huluchat-v3\\src\\services\\keyring.ts": [
      {
        "type": "Secret Keyword",
        "filename": "huluchat-v3\\src\\services\\keyring.ts",
        "hashed_secret": "bde4db9b4c3be4049adc3b9a69851d7c35119770",
        "is_verified": false,
        "line_number": 17
      },
      {
        "type": "Secret Keyword",
        "filename": "huluchat-v3\\src\\services\\keyring.ts",
        "hashed_secret": "dff12b73498bc6f517fdcccb03ed00c89e912292",
        "is_verified": false,
        "line_number": 18
      },
      {
        "type": "Secret Keyword",
        "filename": "huluchat-v3\\src\\services\\keyring.ts",
        "hashed_secret": "7d3bbb5cbbc497d78ad547d8d39cbea2b3b8b69e",
        "is_verified": false,
        "line_number": 20
      }
    ],
    "skills-lock.json": [
      {
        "type": "Hex High Entropy String",
        "filename": "skills-lock.json",
        "hashed_secret": "883c55d470a1c58766de1bbd405285b810cbc1ab",
        "is_verified": false,
        "line_number": 7
      },
      {
        "type": "Hex High Entropy String",
        "filename": "skills-lock.json",
        "hashed_secret": "6f977a9fc6e36a5fd54d1624df0e7fe2fab51fec",
        "is_verified": false,
        "line_number": 12
      },
      {
        "type": "Hex High Entropy String",
        "filename": "skills-lock.json",
        "hashed_secret": "94cca9fd1974c26a6a906f64520c02716d2b32ac",
        "is_verified": false,
        "line_number": 17
      },
      {
        "type": "Hex High Entropy String",
        "filename": "skills-lock.json",
        "hashed_secret": "78336e4e3561c5143b82f72434bb02b1fc2deb61",
        "is_verified": false,
        "line_number": 22
      }
    ],
    "tests\\test_config_models.py": [
      {
        "type": "Secret Keyword",
        "filename": "tests\\test_config_models.py",
        "hashed_secret": "e9a5f12a8ecbb3eb46eca5096b5c52aa5e7c9fdd",
        "is_verified": false,
        "line_number": 16
      }
    ],
    "tests\\test_config_store.py": [
      {
        "type": "Secret Keyword",
        "filename": "tests\\test_config_store.py",
        "hashed_secret": "e9a5f12a8ecbb3eb46eca5096b5c52aa5e7c9fdd",
        "is_verified": false,
        "line_number": 40
      }
    ],
    "tests\\test_openai_client.py": [
      {
        "type": "Secret Keyword",
        "filename": "tests\\test_openai_client.py",
        "hashed_secret": "e9a5f12a8ecbb3eb46eca5096b5c52aa5e7c9fdd",
        "is_verified": false,
        "line_number": 21
      }
    ],
    "tests\\test_settings_validation.py": [
      {
        "type": "Secret Keyword",
        "filename": "tests\\test_settings_validation.py",
        "hashed_secret": "c6da7812eb4d4b545d33807d33c61cc4153dbd5e",
        "is_verified": false,
        "line_number": 128
      },
      {
        "type": "Secret Keyword",
        "filename": "tests\\test_settings_validation.py",
        "hashed_secret": "7ce6ed3727ece51d2219f2bdc7f6db3594dc4d7f",
        "is_verified": false,
        "line_number": 138
      },
      {
        "type": "Secret Keyword",
        "filename": "tests\\test_settings_validation.py",
        "hashed_secret": "a0f4ea7d91495df92bbac2e2149dfb850fe81396",
        "is_verified": false,
        "line_number": 168
      }
    ]
  },
  "generated_at": "2026-03-13T23:05:49Z"
}
